// Jest Snapshot v1, https://goo.gl/fbAQLP

exports[`when render mode is request_data renders correctly 1`] = `
<Unknown
  baseURL="whatever"
/>
`;
